Component: ARM Compiler 5.06 update 7 (build 960) Tool: armlink [4d3601]

==============================================================================

Section Cross References

    stm32f10x_gpio.o(.text) refers to stm32f10x_rcc.o(.text) for RCC_APB2PeriphResetCmd
    stm32f10x_i2c.o(.text) refers to stm32f10x_rcc.o(.text) for RCC_APB1PeriphResetCmd
    stm32f10x_rcc.o(.text) refers to stm32f10x_rcc.o(.data) for APBAHBPrescTable
    stm32f10x_tim.o(.text) refers to stm32f10x_rcc.o(.text) for RCC_APB2PeriphResetCmd
    stm32f10x_usart.o(.text) refers to stm32f10x_rcc.o(.text) for RCC_APB2PeriphResetCmd
    stm32f10x_adc.o(.text) refers to stm32f10x_rcc.o(.text) for RCC_APB2PeriphResetCmd
    system_stm32f10x.o(.text) refers to system_stm32f10x.o(.data) for SystemCoreClock
    startup_stm32f10x_md.o(RESET) refers to startup_stm32f10x_md.o(STACK) for __initial_sp
    startup_stm32f10x_md.o(RESET) refers to startup_stm32f10x_md.o(.text) for Reset_Handler
    startup_stm32f10x_md.o(RESET) refers to stm32f10x_it.o(.text) for NMI_Handler
    startup_stm32f10x_md.o(RESET) refers to ultrasonic.o(.text) for TIM1_CC_IRQHandler
    startup_stm32f10x_md.o(RESET) refers to motor.o(.text) for TIM2_IRQHandler
    startup_stm32f10x_md.o(.text) refers to system_stm32f10x.o(.text) for SystemInit
    startup_stm32f10x_md.o(.text) refers to entry.o(.ARM.Collect$$$$00000000) for __main
    bsp.o(.text) refers to stm32f10x_rcc.o(.text) for RCC_APB2PeriphClockCmd
    bsp.o(.text) refers to stm32f10x_gpio.o(.text) for GPIO_PinRemapConfig
    bsp.o(.text) refers to common.o(.text) for XOR_Get
    bsp.o(.text) refers to printfa.o(i.__0sprintf) for __2sprintf
    bsp.o(.text) refers to usart.o(.text) for Uart3SendStr
    bsp.o(.text) refers to adc.o(.text) for ADCInit
    bsp.o(.text) refers to ultrasonic.o(.text) for TIM1_Cap_Init
    bsp.o(.text) refers to motor.o(.text) for TIM3_PWM_Init
    bsp.o(.text) refers to i2c.o(.text) for i2cInit
    bsp.o(.text) refers to infrare.o(.text) for InfraredIOInit
    bsp.o(.text) refers to oled.o(.text) for OLED_Init
    bsp.o(.text) refers to mpu6050.o(.text) for MPU6050_Init
    bsp.o(.text) refers to bsp.o(.data) for flag
    mpu6050.o(.text) refers to i2c.o(.text) for i2cwrite
    mpu6050.o(.text) refers to mpu6050.o(.data) for g_fGyro_x
    oled.o(.text) refers to stm32f10x_rcc.o(.text) for RCC_APB2PeriphClockCmd
    oled.o(.text) refers to stm32f10x_gpio.o(.text) for GPIO_Init
    oled.o(.text) refers to common.o(.text) for delay_ms
    oled.o(.text) refers to oled.o(.constdata) for F6x8
    oled.o(.text) refers to oled.o(.data) for Hzk
    adc.o(.text) refers to stm32f10x_rcc.o(.text) for RCC_APB2PeriphClockCmd
    adc.o(.text) refers to stm32f10x_gpio.o(.text) for GPIO_Init
    adc.o(.text) refers to stm32f10x_adc.o(.text) for ADC_Init
    adc.o(.text) refers to dfltui.o(.text) for __aeabi_ui2d
    adc.o(.text) refers to dmul.o(.text) for __aeabi_dmul
    adc.o(.text) refers to d2f.o(.text) for __aeabi_d2f
    adc.o(.text) refers to ffixui.o(.text) for __aeabi_f2uiz
    usart.o(.text) refers to stm32f10x_rcc.o(.text) for RCC_APB2PeriphClockCmd
    usart.o(.text) refers to stm32f10x_gpio.o(.text) for GPIO_Init
    usart.o(.text) refers to stm32f10x_usart.o(.text) for USART_Init
    usart.o(.text) refers to misc.o(.text) for NVIC_PriorityGroupConfig
    usart.o(.text) refers to strlen.o(.text) for strlen
    i2c.o(.text) refers to stm32f10x_rcc.o(.text) for RCC_APB2PeriphClockCmd
    i2c.o(.text) refers to stm32f10x_gpio.o(.text) for GPIO_Init
    ultrasonic.o(.text) refers to stm32f10x_rcc.o(.text) for RCC_APB2PeriphClockCmd
    ultrasonic.o(.text) refers to stm32f10x_gpio.o(.text) for GPIO_Init
    ultrasonic.o(.text) refers to stm32f10x_tim.o(.text) for TIM_TimeBaseInit
    ultrasonic.o(.text) refers to misc.o(.text) for NVIC_Init
    ultrasonic.o(.text) refers to common.o(.text) for delay_us
    ultrasonic.o(.text) refers to ultrasonic.o(.data) for TIM1CH4_CAPTURE_STA
    motor.o(.text) refers to stm32f10x_rcc.o(.text) for RCC_APB2PeriphClockCmd
    motor.o(.text) refers to stm32f10x_gpio.o(.text) for GPIO_Init
    motor.o(.text) refers to stm32f10x_tim.o(.text) for TIM_TimeBaseInit
    motor.o(.text) refers to misc.o(.text) for NVIC_Init
    infrare.o(.text) refers to stm32f10x_rcc.o(.text) for RCC_APB2PeriphClockCmd
    infrare.o(.text) refers to stm32f10x_gpio.o(.text) for GPIO_Init
    infrare.o(.text) refers to infrare.o(.data) for InfrareError
    systick.o(.text) refers to system_stm32f10x.o(.text) for SystemCoreClockUpdate
    systick.o(.text) refers to systick.o(.bss) for SoftTimer
    systick.o(.text) refers to system_stm32f10x.o(.data) for SystemCoreClock
    debug.o(.text) refers to ffixi.o(.text) for __aeabi_f2iz
    debug.o(.text) refers to common.o(.text) for CRC16Calculate
    debug.o(.text) refers to usart.o(.text) for Uart1SendBuff
    debug.o(.text) refers to debug.o(.bss) for IMUData
    debug.o(.text) refers to control.o(.data) for g_fGravityAngle
[...]
    .text                                    0x08005554   Section        0  fadd.o(.text)
    .text                                    0x08005604   Section        0  fmul.o(.text)
    .text                                    0x08005668   Section        0  fdiv.o(.text)
    .text                                    0x080056e4   Section        0  dadd.o(.text)
    .text                                    0x08005832   Section        0  dmul.o(.text)
    .text                                    0x08005916   Section        0  ddiv.o(.text)
    .text                                    0x080059f4   Section        0  fflti.o(.text)
    .text                                    0x08005a06   Section        0  dflti.o(.text)
    .text                                    0x08005a28   Section        0  dfltui.o(.text)
    .text                                    0x08005a42   Section        0  ffixi.o(.text)
    .text                                    0x08005a74   Section        0  ffixui.o(.text)
    .text                                    0x08005a9c   Section        0  dfixi.o(.text)
    .text                                    0x08005ada   Section        0  dfixui.o(.text)
    .text                                    0x08005b0c   Section        0  f2d.o(.text)
    .text                                    0x08005b34   Section       48  cdcmple.o(.text)
    .text                                    0x08005b64   Section       48  cdrcmple.o(.text)
    .text                                    0x08005b94   Section        0  d2f.o(.text)
    .text                                    0x08005bcc   Section       20  cfcmple.o(.text)
    .text                                    0x08005be0   Section       20  cfrcmple.o(.text)
    .text                                    0x08005bf4   Section        0  uidiv.o(.text)
    .text                                    0x08005c20   Section        0  uldiv.o(.text)
    .text                                    0x08005c82   Section        0  llshl.o(.text)
    .text                                    0x08005ca0   Section        0  llushr.o(.text)
    .text                                    0x08005cc0   Section        0  llsshr.o(.text)
    .text                                    0x08005ce4   Section        0  strtod.o(.text)
    _local_sscanf                            0x08005ce5   Thumb Code    54  strtod.o(.text)
    .text                                    0x08005d80   Section        0  fepilogue.o(.text)
    .text                                    0x08005d80   Section        0  iusefp.o(.text)
    .text                                    0x08005dee   Section        0  depilogue.o(.text)
    .text                                    0x08005ea8   Section        0  dfixul.o(.text)
    .text                                    0x08005ed8   Section       36  init.o(.text)
    .text                                    0x08005efc   Section        0  isspace_c.o(.text)
    .text                                    0x08005f08   Section        0  scanf_fp.o(.text)
    _fp_value                                0x08005f09   Thumb Code   296  scanf_fp.o(.text)
    .text                                    0x08006268   Section        0  _sgetc.o(.text)
    .text                                    0x080062a8   Section        0  dscalb.o(.text)
    .text                                    0x080062d8   Section        0  ctype_c.o(.text)
    .text                                    0x08006300   Section        0  dfltul.o(.text)
    .text                                    0x08006318   Section        0  __dczerorl2.o(.text)
    i.__0snprintf                            0x08006370   Section        0  printfa.o(i.__0snprintf)
    i.__0sprintf                             0x080063a4   Section        0  printfa.o(i.__0sprintf)
    i.__ARM_fpclassify                       0x080063cc   Section        0  fpclassify.o(i.__ARM_fpclassify)
    i.__kernel_poly                          0x080063f4   Section        0  poly.o(i.__kernel_poly)
    i.__mathlib_dbl_infnan                   0x0800649e   Section        0  dunder.o(i.__mathlib_dbl_infnan)
    i.__mathlib_dbl_infnan2                  0x080064a4   Section        0  dunder.o(i.__mathlib_dbl_infnan2)
    i.__mathlib_dbl_underflow                0x080064a8   Section        0  dunder.o(i.__mathlib_dbl_underflow)
    i.__read_errno                           0x080064b8   Section        0  errno.o(i.__read_errno)
    i.__scatterload_copy                     0x080064c4   Section       14  handlers.o(i.__scatterload_copy)
    i.__scatterload_null                     0x080064d2   Section        2  handlers.o(i.__scatterload_null)
    i.__scatterload_zeroinit                 0x080064d4   Section       14  handlers.o(i.__scatterload_zeroinit)
    i.__set_errno                            0x080064e4   Section        0  errno.o(i.__set_errno)
    i._fp_digits                             0x080064f0   Section        0  printfa.o(i._fp_digits)
    _fp_digits                               0x080064f1   Thumb Code   366  printfa.o(i._fp_digits)
    i._is_digit                              0x08006674   Section        0  scanf_fp.o(i._is_digit)
    i._printf_core                           0x08006684   Section        0  printfa.o(i._printf_core)
    _printf_core                             0x08006685   Thumb Code  1704  printfa.o(i._printf_core)
    i._printf_post_padding                   0x08006d38   Section        0  printfa.o(i._printf_post_padding)
    _printf_post_padding                     0x08006d39   Thumb Code    36  printfa.o(i._printf_post_padding)
    i._printf_pre_padding                    0x08006d5c   Section        0  printfa.o(i._printf_pre_padding)
    _printf_pre_padding                      0x08006d5d   Thumb Code    46  printfa.o(i._printf_pre_padding)
    i._snputc                                0x08006d8a   Section        0  printfa.o(i._snputc)
    _snputc                                  0x08006d8b   Thumb Code    22  printfa.o(i._snputc)
    i._sputc                                 0x08006da0   Section        0  printfa.o(i._sputc)
    _sputc                                   0x08006da1   Thumb Code    10  printfa.o(i._sputc)
    i.atan                                   0x08006dac   Section        0  atan.o(i.atan)
    i.atan2                                  0x08006fcc   Section        0  atan2.o(i.atan2)
    i.atof                                   0x08007168   Section        0  atof.o(i.atof)
    .constdata                               0x08007192   Section     2072  oled.o(.constdata)
    .constdata                               0x080079aa   Section       24  manage.o(.constdata)
    .constdata                               0x080079c8   Section      152  atan.o(.constdata)
    atanhi                                   0x080079c8   Data          32  atan.o(.constdata)
    atanlo                                   0x080079e8   Data          32  atan.o(.constdata)
    aTodd                                    0x08007a08   Data          40  atan.o(.constdata)
    aTeven                                   0x08007a30   Data          48  atan.o(.constdata)
    .constdata                               0x08007a60   Section        8  qnan.o(.constdata)
    .constdata                               0x08007a68   Section       64  ctype_c.o(.constdata)
    .data                                    0x20000000   Section       20  stm32f10x_rcc.o(.data)
    APBAHBPrescTable                         0x20000000   Data          16  stm32f10x_rcc.o(.data)
    ADCPrescTable                            0x20000010   Data           4  stm32f10x_rcc.o(.data)
    .data                                    0x20000014   Section       20  system_stm32f10x.o(.data)
    .data                                    0x20000028   Section        1  bsp.o(.data)
    flag                                     0x20000028   Data           1  bsp.o(.data)
    .data                                    0x2000002a   Section        8  mpu6050.o(.data)
    .data                                    0x20000032   Section      704  oled.o(.data)
    .data                                    0x200002f2   Section        1  usart.o(.data)
    .data                                    0x200002f4   Section       16  ultrasonic.o(.data)
    .data                                    0x20000304   Section        1  infrare.o(.data)
    InfrareError                             0x20000304   Data           1  infrare.o(.data)
    .data                                    0x20000308   Section       20  main.o(.data)
    .data                                    0x2000031c   Section        1  communicate.o(.data)
    .data                                    0x20000320   Section      236  control.o(.data)
    AbnormalSpinFlag                         0x200003fc   Data           4  control.o(.data)
    count                                    0x20000400   Data           2  control.o(.data)
    lastCarAngle                             0x20000404   Data           4  control.o(.data)
    count                                    0x20000408   Data           2  control.o(.data)
    count1                                   0x2000040a   Data           2  control.o(.data)
    .data                                    0x2000040c   Section     1025  display.o(.data)
    step                                     0x2000080c   Data           1  display.o(.data)
    .data                                    0x2000080e   Section        5  manage.o(.data)
    .data                                    0x20000814   Section        4  strtok.o(.data)
    state                                    0x20000814   Data           4  strtok.o(.data)
    .data                                    0x20000818   Section        4  errno.o(.data)
    _errno                                   0x20000818   Data           4  errno.o(.data)
    .bss                                     0x2000081c   Section      128  usart.o(.bss)
    .bss                                     0x2000089c   Section       10  systick.o(.bss)
    .bss                                     0x200008a8   Section       16  debug.o(.bss)
    IMUData                                  0x200008a8   Data          16  debug.o(.bss)
    .bss                                     0x200008b8   Section      128  dataflash.o(.bss)
    FlashWBuffer                             0x200008b8   Data         128  dataflash.o(.bss)
    STACK                                    0x20000938   Section     1024  startup_stm32f10x_md.o(STACK)

    Global Symbols

    Symbol Name                              Value     Ov Type        Size  Object(Section)

    BuildAttributes$$THM_ISAv4$P$D$K$B$S$PE$A:L22UL41UL21$X:L11$S22US41US21$IEEE1$IW$USESV6$~STKCKD$USESV7$~SHL$OTIME$ROPI$IEEEX$EBA8$MICROLIB$REQ8$PRES8$EABIv2 0x00000000   Number         0  anon$$obj.o ABSOLUTE
    __ARM_use_no_argv                        0x00000000   Number         0  main.o ABSOLUTE
    _printf_a                                0x00000000   Number         0  stubs.o ABSOLUTE
    _printf_c                                0x00000000   Number         0  stubs.o ABSOLUTE
    _printf_charcount                        0x00000000   Number         0  stubs.o ABSOLUTE
    _printf_d                                0x00000000   Number         0  stubs.o ABSOLUTE
    _printf_e                                0x00000000   Number         0  stubs.o ABSOLUTE
    _printf_f                                0x00000000   Number         0  stubs.o ABSOLUTE
    _printf_flags                            0x00000000   Number         0  stubs.o ABSOLUTE
    _printf_fp_dec                           0x00000000   Number         0  stubs.o ABSOLUTE
    _printf_fp_hex                           0x00000000   Number         0  stubs.o ABSOLUTE
    _printf_g                                0x00000000   Number         0  stubs.o ABSOLUTE
    _printf_i                                0x00000000   Number         0  stubs.o ABSOLUTE
    _printf_int_dec                          0x00000000   Number         0  stubs.o ABSOLUTE
    _printf_l                                0x00000000   Number         0  stubs.o ABSOLUTE
    _printf_lc                               0x00000000   Number         0  stubs.o ABSOLUTE
    _printf_ll                               0x00000000   Number         0  stubs.o ABSOLUTE
    _printf_lld                              0x00000000   Number         0  stubs.o ABSOLUTE
    _printf_lli                              0x00000000   Number         0  stubs.o ABSOLUTE
    _printf_llo                              0x00000000   Number         0  stubs.o ABSOLUTE
    _printf_llu                              0x00000000   Number         0  stubs.o ABSOLUTE
    _printf_llx                              0x00000000   Number         0  stubs.o ABSOLUTE
    _printf_longlong_dec                     0x00000000   Number         0  stubs.o ABSOLUTE
    _printf_longlong_hex                     0x00000000   Number         0  stubs.o ABSOLUTE
    _printf_longlong_oct                     0x00000000   Number         0  stubs.o ABSOLUTE
    _printf_ls                               0x00000000   Number         0  stubs.o ABSOLUTE
    _printf_mbtowc                           0x00000000   Number         0  stubs.o ABSOLUTE
    _printf_n                                0x00000000   Number         0  stubs.o ABSOLUTE
    _printf_o                                0x00000000   Number         0  stubs.o ABSOLUTE
    _printf_p                                0x00000000   Number         0  stubs.o ABSOLUTE
    _printf_percent                          0x00000000   Number         0  stubs.o ABSOLUTE
    _printf_pre_padding                      0x00000000   Number         0  stubs.o ABSOLUTE
    _printf_return_value                     0x00000000   Number         0  stubs.o ABSOLUTE
    _printf_s                                0x00000000   Number         0  stubs.o ABSOLUTE
    _printf_sizespec                         0x00000000   Number         0  stubs.o ABSOLUTE
    _printf_str                              0x00000000   Number         0  stubs.o ABSOLUTE
    _printf_truncate_signed                  0x00000000   Number         0  stubs.o ABSOLUTE
    _printf_truncate_unsigned                0x00000000   Number         0  stubs.o ABSOLUTE
    _printf_u                                0x00000000   Number         0  stubs.o ABSOLUTE
    _printf_wc                               0x00000000   Number         0  stubs.o ABSOLUTE
    _printf_wctomb                           0x00000000   Number         0  stubs.o ABSOLUTE
    _printf_widthprec                        0x00000000   Number         0  stubs.o ABSOLUTE
    _printf_x                                0x00000000   Number         0  stubs.o ABSOLUTE
    __arm_fini_                               - Undefined Weak Reference
    __cpp_initialize__aeabi_                  - Undefined Weak Reference
    __cxa_finalize                            - Undefined Weak Reference
    _clock_init                               - Undefined Weak Reference
    _microlib_exit                            - Undefined Weak Reference
    __Vectors_Size                           0x000000ec   Number         0  startup_stm32f10x_md.o ABSOLUTE
    __Vectors                                0x08000000   Data           4  startup_stm32f10x_md.o(RESET)
    __Vectors_End                            0x080000ec   Data           0  startup_stm32f10x_md.o(RESET)
    __main                                   0x080000ed   Thumb Code     0  entry.o(.ARM.Collect$$$$00000000)
    _main_stk                                0x080000ed   Thumb Code     0  entry2.o(.ARM.Collect$$$$00000001)
    _main_scatterload                        0x080000f1   Thumb Code     0  entry5.o(.ARM.Collect$$$$00000004)
    __main_after_scatterload                 0x080000f5   Thumb Code     0  entry5.o(.ARM.Collect$$$$00000004)
    _main_clock                              0x080000f5   Thumb Code     0  entry7b.o(.ARM.Collect$$$$00000008)
    _main_cpp_init                           0x080000f5   Thumb Code     0  entry8b.o(.ARM.Collect$$$$0000000A)
    _main_init                               0x080000f5   Thumb Code     0  entry9a.o(.ARM.Collect$$$$0000000B)
    __rt_lib_shutdown_fini                   0x080000fd   Thumb Code     0  entry12b.o(.ARM.Collect$$$$0000000E)
    __rt_final_cpp                           0x08000101   Thumb Code     0  entry10a.o(.ARM.Collect$$$$0000000F)
    __rt_final_exit                          0x08000101   Thumb Code     0  entry11a.o(.ARM.Collect$$$$00000011)
    NVIC_PriorityGroupConfig                 0x08000105   Thumb Code    10  misc.o(.text)
    NVIC_Init                                0x0800010f   Thumb Code   100  misc.o(.text)
    NVIC_SetVectorTable                      0x08000173   Thumb Code    14  misc.o(.text)
    NVIC_SystemLPConfig                      0x08000181   Thumb Code    34  misc.o(.text)
    SysTick_CLKSourceConfig                  0x080001a3   Thumb Code    40  misc.o(.text)
    GPIO_DeInit                              0x080001e1   Thumb Code   172  stm32f10x_gpio.o(.text)
    GPIO_AFIODeInit                          0x0800028d   Thumb Code    20  stm32f10x_gpio.o(.text)
    GPIO_Init                                0x080002a1   Thumb Code   278  stm32f10x_gpio.o(.text)
    GPIO_StructInit                          0x080003b7   Thumb Code    16  stm32f10x_gpio.o(.text)
    GPIO_ReadInputDataBit                    0x080003c7   Thumb Code    18  stm32f10x_gpio.o(.text)
    GPIO_ReadInputData                       0x080003d9   Thumb Code     8  stm32f10x_gpio.o(.text)
    GPIO_ReadOutputDataBit                   0x080003e1   Thumb Code    18  stm32f10x_gpio.o(.text)
    GPIO_ReadOutputData                      0x080003f3   Thumb Code     8  stm32f10x_gpio.o(.text)
    GPIO_SetBits                             0x080003fb   Thumb Code     4  stm32f10x_gpio.o(.text)
    GPIO_ResetBits                           0x080003ff   Thumb Code     4  stm32f10x_gpio.o(.text)
    GPIO_WriteBit                            0x08000403   Thumb Code    10  stm32f10x_gpio.o(.text)
    GPIO_Write                               0x0800040d   Thumb Code     4  stm32f10x_gpio.o(.text)
    GPIO_PinLockConfig                       0x08000411   Thumb Code    18  stm32f10x_gpio.o(.text)
    GPIO_EventOutputConfig                   0x08000423   Thumb Code    26  stm32f10x_gpio.o(.text)
    GPIO_EventOutputCmd                      0x0800043d   Thumb Code     6  stm32f10x_gpio.o(.text)
    GPIO_PinRemapConfig                      0x08000443   Thumb Code   138  stm32f10x_gpio.o(.text)
    GPIO_EXTILineConfig                      0x080004cd   Thumb Code    66  stm32f10x_gpio.o(.text)
    GPIO_ETH_MediaInterfaceConfig            0x0800050f   Thumb Code     8  stm32f10x_gpio.o(.text)
    RCC_DeInit                               0x0800053d   Thumb Code    64  stm32f10x_rcc.o(.text)
    RCC_HSEConfig                            0x0800057d   Thumb Code    70  stm32f10x_rcc.o(.text)
    RCC_GetFlagStatus                        0x080005c3   Thumb Code    56  stm32f10x_rcc.o(.text)
    RCC_WaitForHSEStartUp                    0x080005fb   Thumb Code    56  stm32f10x_rcc.o(.text)
    RCC_AdjustHSICalibrationValue            0x08000633   Thumb Code    20  stm32f10x_rcc.o(.text)
    RCC_HSICmd                               0x08000647   Thumb Code     6  stm32f10x_rcc.o(.text)
    RCC_PLLConfig                            0x0800064d   Thumb Code    24  stm32f10x_rcc.o(.text)
    RCC_PLLCmd                               0x08000665   Thumb Code     6  stm32f10x_rcc.o(.text)
    RCC_SYSCLKConfig                         0x0800066b   Thumb Code    18  stm32f10x_rcc.o(.text)
    RCC_GetSYSCLKSource                      0x0800067d   Thumb Code    10  stm32f10x_rcc.o(.text)
    RCC_HCLKConfig                           0x08000687   Thumb Code    18  stm32f10x_rcc.o(.text)
    RCC_PCLK1Config                          0x08000699   Thumb Code    18  stm32f10x_rcc.o(.text)
    RCC_PCLK2Config                          0x080006ab   Thumb Code    20  stm32f10x_rcc.o(.text)
    RCC_ITConfig                             0x080006bf   Thumb Code    26  stm32f10x_rcc.o(.text)
    RCC_USBCLKConfig                         0x080006d9   Thumb Code     8  stm32f10x_rcc.o(.text)
    RCC_ADCCLKConfig                         0x080006e1   Thumb Code    18  stm32f10x_rcc.o(.text)
    RCC_LSEConfig                            0x080006f3   Thumb Code    50  stm32f10x_rcc.o(.text)
    RCC_LSICmd                               0x08000725   Thumb Code     6  stm32f10x_rcc.o(.text)
    RCC_RTCCLKConfig                         0x0800072b   Thumb Code    12  stm32f10x_rcc.o(.text)
    RCC_RTCCLKCmd                            0x08000737   Thumb Code     8  stm32f10x_rcc.o(.text)
    RCC_GetClocksFreq                        0x0800073f   Thumb Code   192  stm32f10x_rcc.o(.text)
    RCC_AHBPeriphClockCmd                    0x080007ff   Thumb Code    26  stm32f10x_rcc.o(.text)
    RCC_APB2PeriphClockCmd                   0x08000819   Thumb Code    26  stm32f10x_rcc.o(.text)
    RCC_APB1PeriphClockCmd                   0x08000833   Thumb Code    26  stm32f10x_rcc.o(.text)
    RCC_APB2PeriphResetCmd                   0x0800084d   Thumb Code    26  stm32f10x_rcc.o(.text)
    RCC_APB1PeriphResetCmd                   0x08000867   Thumb Code    26  stm32f10x_rcc.o(.text)
    RCC_BackupResetCmd                       0x08000881   Thumb Code     8  stm32f10x_rcc.o(.text)
    RCC_ClockSecuritySystemCmd               0x08000889   Thumb Code     6  stm32f10x_rcc.o(.text)
    RCC_MCOConfig                            0x0800088f   Thumb Code     6  stm32f10x_rcc.o(.text)
    RCC_ClearFlag                            0x08000895   Thumb Code    14  stm32f10x_rcc.o(.text)
    RCC_GetITStatus                          0x080008a3   Thumb Code    20  stm32f10x_rcc.o(.text)
    RCC_ClearITPendingBit                    0x080008b7   Thumb Code     6  stm32f10x_rcc.o(.text)
    TIM_DeInit                               0x080008e1   Thumb Code   424  stm32f10x_tim.o(.text)
    TIM_TimeBaseInit                         0x08000a89   Thumb Code   122  stm32f10x_tim.o(.text)
    TIM_OC1Init                              0x08000b03   Thumb Code   132  stm32f10x_tim.o(.text)
    TIM_OC2Init                              0x08000b87   Thumb Code   154  stm32f10x_tim.o(.text)
    TIM_OC3Init                              0x08000c21   Thumb Code   150  stm32f10x_tim.o(.text)
    TIM_OC4Init                              0x08000cb7   Thumb Code   182  stm32f10x_tim.o(.text)
    TIM_SetIC4Prescaler                      0x08000d6d   Thumb Code    26  stm32f10x_tim.o(.text)
    TIM_SetIC3Prescaler                      0x08000e09   Thumb Code    18  stm32f10x_tim.o(.text)
    TIM_SetIC2Prescaler                      0x08000e95   Thumb Code    26  stm32f10x_tim.o(.text)
    TIM_SetIC1Prescaler                      0x08000f31   Thumb Code    18  stm32f10x_tim.o(.text)
    TIM_ICInit                               0x08000faf   Thumb Code   150  stm32f10x_tim.o(.text)
    TIM_PWMIConfig                           0x08001045   Thumb Code   124  stm32f10x_tim.o(.text)
    TIM_BDTRConfig                           0x080010c1   Thumb Code    32  stm32f10x_tim.o(.text)
    TIM_TimeBaseStructInit                   0x080010e1   Thumb Code    18  stm32f10x_tim.o(.text)
    TIM_OCStructInit                         0x080010f3   Thumb Code    20  stm32f10x_tim.o(.text)
    TIM_ICStructInit                         0x08001107   Thumb Code    18  stm32f10x_tim.o(.text)
    TIM_BDTRStructInit                       0x08001119   Thumb Code    40  stm32f10x_tim.o(.text)
    TIM_Cmd                                  0x08001141   Thumb Code    24  stm32f10x_tim.o(.text)
    TIM_CtrlPWMOutputs                       0x08001159   Thumb Code    30  stm32f10x_tim.o(.text)
    TIM_ITConfig                             0x08001177   Thumb Code    18  stm32f10x_tim.o(.text)
    TIM_GenerateEvent                        0x08001189   Thumb Code     4  stm32f10x_tim.o(.text)
    TIM_DMAConfig                            0x0800118d   Thumb Code    10  stm32f10x_tim.o(.text)
    TIM_DMACmd                               0x08001197   Thumb Code    18  stm32f10x_tim.o(.text)
    TIM_InternalClockConfig                  0x080011a9   Thumb Code    12  stm32f10x_tim.o(.text)
    TIM_SelectInputTrigger                   0x080011b5   Thumb Code    18  stm32f10x_tim.o(.text)
    TIM_ITRxExternalClockConfig              0x080011c7   Thumb Code    24  stm32f10x_tim.o(.text)
    TIM_TIxExternalClockConfig               0x080011df   Thumb Code    62  stm32f10x_tim.o(.text)
    TIM_ETRConfig                            0x0800121d   Thumb Code    28  stm32f10x_tim.o(.text)
    TIM_ETRClockMode1Config                  0x08001239   Thumb Code    54  stm32f10x_tim.o(.text)
    TIM_ETRClockMode2Config                  0x0800126f   Thumb Code    32  stm32f10x_tim.o(.text)
    TIM_PrescalerConfig                      0x0800128f   Thumb Code     6  stm32f10x_tim.o(.text)
    TIM_CounterModeConfig                    0x08001295   Thumb Code    18  stm32f10x_tim.o(.text)
    TIM_EncoderInterfaceConfig               0x080012a7   Thumb Code    66  stm32f10x_tim.o(.text)
    TIM_ForcedOC1Config                      0x080012e9   Thumb Code    18  stm32f10x_tim.o(.text)
    TIM_ForcedOC2Config                      0x080012fb   Thumb Code    26  stm32f10x_tim.o(.text)
    TIM_ForcedOC3Config                      0x08001315   Thumb Code    18  stm32f10x_tim.o(.text)
    TIM_ForcedOC4Config                      0x08001327   Thumb Code    26  stm32f10x_tim.o(.text)
    TIM_ARRPreloadConfig                     0x08001341   Thumb Code    24  stm32f10x_tim.o(.text)
    TIM_SelectCOM                            0x08001359   Thumb Code    24  stm32f10x_tim.o(.text)
    TIM_SelectCCDMA                          0x08001371   Thumb Code    24  stm32f10x_tim.o(.text)
    TIM_CCPreloadControl                     0x08001389   Thumb Code    24  stm32f10x_tim.o(.text)
    TIM_OC1PreloadConfig                     0x080013a1   Thumb Code    18  stm32f10x_tim.o(.text)
    TIM_OC2PreloadConfig                     0x080013b3   Thumb Code    26  stm32f10x_tim.o(.text)
    TIM_OC3PreloadConfig                     0x080013cd   Thumb Code    18  stm32f10x_tim.o(.text)
    TIM_OC4PreloadConfig                     0x080013df   Thumb Code    26  stm32f10x_tim.o(.text)
    TIM_OC1FastConfig                        0x080013f9   Thumb Code    18  stm32f10x_tim.o(.text)
    TIM_OC2FastConfig                        0x0800140b   Thumb Code    26  stm32f10x_tim.o(.text)
    TIM_OC3FastConfig                        0x08001425   Thumb Code    18  stm32f10x_tim.o(.text)
    TIM_OC4FastConfig                        0x08001437   Thumb Code    26  stm32f10x_tim.o(.text)
    TIM_ClearOC1Ref                          0x08001451   Thumb Code    18  stm32f10x_tim.o(.text)
    TIM_ClearOC2Ref                          0x08001463   Thumb Code    24  stm32f10x_tim.o(.text)
    TIM_ClearOC3Ref                          0x0800147b   Thumb Code    18  stm32f10x_tim.o(.text)
    TIM_ClearOC4Ref                          0x0800148d   Thumb Code    24  stm32f10x_tim.o(.text)
    TIM_OC1PolarityConfig                    0x080014a5   Thumb Code    18  stm32f10x_tim.o(.text)
    TIM_OC1NPolarityConfig                   0x080014b7   Thumb Code    18  stm32f10x_tim.o(.text)
    TIM_OC2PolarityConfig                    0x080014c9   Thumb Code    26  stm32f10x_tim.o(.text)
    TIM_OC2NPolarityConfig                   0x080014e3   Thumb Code    26  stm32f10x_tim.o(.text)
    TIM_OC3PolarityConfig                    0x080014fd   Thumb Code    26  stm32f10x_tim.o(.text)
    TIM_OC3NPolarityConfig                   0x08001517   Thumb Code    26  stm32f10x_tim.o(.text)
    TIM_OC4PolarityConfig                    0x08001531   Thumb Code    26  stm32f10x_tim.o(.text)
    TIM_CCxCmd                               0x0800154b   Thumb Code    30  stm32f10x_tim.o(.text)
    TIM_CCxNCmd                              0x08001569   Thumb Code    30  stm32f10x_tim.o(.text)
    TIM_SelectOCxM                           0x08001587   Thumb Code    82  stm32f10x_tim.o(.text)
    TIM_UpdateDisableConfig                  0x080015d9   Thumb Code    24  stm32f10x_tim.o(.text)
    TIM_UpdateRequestConfig                  0x080015f1   Thumb Code    24  stm32f10x_tim.o(.text)
    TIM_SelectHallSensor                     0x08001609   Thumb Code    24  stm32f10x_tim.o(.text)
    TIM_SelectOnePulseMode                   0x08001621   Thumb Code    18  stm32f10x_tim.o(.text)
    TIM_SelectOutputTrigger                  0x08001633   Thumb Code    18  stm32f10x_tim.o(.text)
    TIM_SelectSlaveMode                      0x08001645   Thumb Code    18  stm32f10x_tim.o(.text)
    TIM_SelectMasterSlaveMode                0x08001657   Thumb Code    18  stm32f10x_tim.o(.text)
    TIM_SetCounter                           0x08001669   Thumb Code     4  stm32f10x_tim.o(.text)
    TIM_SetAutoreload                        0x0800166d   Thumb Code     4  stm32f10x_tim.o(.text)
    TIM_SetCompare1                          0x08001671   Thumb Code     4  stm32f10x_tim.o(.text)
    TIM_SetCompare2                          0x08001675   Thumb Code     4  stm32f10x_tim.o(.text)
    TIM_SetCompare3                          0x08001679   Thumb Code     4  stm32f10x_tim.o(.text)
    TIM_SetCompare4                          0x0800167d   Thumb Code     6  stm32f10x_tim.o(.text)
    TIM_SetClockDivision                     0x08001683   Thumb Code    18  stm32f10x_tim.o(.text)
    TIM_GetCapture1                          0x08001695   Thumb Code     6  stm32f10x_tim.o(.text)
    TIM_GetCapture2                          0x0800169b   Thumb Code     6  stm32f10x_tim.o(.text)
    TIM_GetCapture3                          0x080016a1   Thumb Code     6  stm32f10x_tim.o(.text)
    TIM_GetCapture4                          0x080016a7   Thumb Code     8  stm32f10x_tim.o(.text)
    TIM_GetCounter                           0x080016af   Thumb Code     6  stm32f10x_tim.o(.text)
    TIM_GetPrescaler                         0x080016b5   Thumb Code     6  stm32f10x_tim.o(.text)
    TIM_GetFlagStatus                        0x080016bb   Thumb Code    18  stm32f10x_tim.o(.text)
    TIM_ClearFlag                            0x080016cd   Thumb Code     6  stm32f10x_tim.o(.text)
    TIM_GetITStatus                          0x080016d3   Thumb Code    34  stm32f10x_tim.o(.text)
    TIM_ClearITPendingBit                    0x080016f5   Thumb Code     6  stm32f10x_tim.o(.text)
    USART_DeInit                             0x080016fd   Thumb Code   134  stm32f10x_usart.o(.text)
    USART_Init                               0x08001783   Thumb Code   210  stm32f10x_usart.o(.text)
    USART_StructInit                         0x08001855   Thumb Code    24  stm32f10x_usart.o(.text)
    USART_ClockInit                          0x0800186d   Thumb Code    34  stm32f10x_usart.o(.text)
    USART_ClockStructInit                    0x0800188f   Thumb Code    12  stm32f10x_usart.o(.text)
    USART_Cmd                                0x0800189b   Thumb Code    24  stm32f10x_usart.o(.text)
    USART_ITConfig                           0x080018b3   Thumb Code    74  stm32f10x_usart.o(.text)
    USART_DMACmd                             0x080018fd   Thumb Code    18  stm32f10x_usart.o(.text)
    USART_SetAddress                         0x0800190f   Thumb Code    18  stm32f10x_usart.o(.text)
    USART_WakeUpConfig                       0x08001921   Thumb Code    18  stm32f10x_usart.o(.text)
    USART_ReceiverWakeUpCmd                  0x08001933   Thumb Code    24  stm32f10x_usart.o(.text)
    USART_LINBreakDetectLengthConfig         0x0800194b   Thumb Code    18  stm32f10x_usart.o(.text)
    USART_LINCmd                             0x0800195d   Thumb Code    24  stm32f10x_usart.o(.text)
    USART_SendData                           0x08001975   Thumb Code     8  stm32f10x_usart.o(.text)
    USART_ReceiveData                        0x0800197d   Thumb Code    10  stm32f10x_usart.o(.text)
    USART_SendBreak                          0x08001987   Thumb Code    10  stm32f10x_usart.o(.text)
    USART_SetGuardTime                       0x08001991   Thumb Code    16  stm32f10x_usart.o(.text)
    USART_SetPrescaler                       0x080019a1   Thumb Code    16  stm32f10x_usart.o(.text)
    USART_SmartCardCmd                       0x080019b1   Thumb Code    24  stm32f10x_usart.o(.text)
    USART_SmartCardNACKCmd                   0x080019c9   Thumb Code    24  stm32f10x_usart.o(.text)
    USART_HalfDuplexCmd                      0x080019e1   Thumb Code    24  stm32f10x_usart.o(.text)
    USART_OverSampling8Cmd                   0x080019f9   Thumb Code    22  stm32f10x_usart.o(.text)
    USART_OneBitMethodCmd                    0x08001a0f   Thumb Code    24  stm32f10x_usart.o(.text)
    USART_IrDAConfig                         0x08001a27   Thumb Code    18  stm32f10x_usart.o(.text)
    USART_IrDACmd                            0x08001a39   Thumb Code    24  stm32f10x_usart.o(.text)
    USART_GetFlagStatus                      0x08001a51   Thumb Code    26  stm32f10x_usart.o(.text)
    USART_ClearFlag                          0x08001a6b   Thumb Code    18  stm32f10x_usart.o(.text)
    USART_GetITStatus                        0x08001a7d   Thumb Code    84  stm32f10x_usart.o(.text)
    USART_ClearITPendingBit                  0x08001ad1   Thumb Code    52  stm32f10x_usart.o(.text)
    ADC_DeInit                               0x08001b05   Thumb Code    78  stm32f10x_adc.o(.text)
    ADC_Init                                 0x08001b53   Thumb Code    70  stm32f10x_adc.o(.text)
    ADC_StructInit                           0x08001b99   Thumb Code    18  stm32f10x_adc.o(.text)
    ADC_Cmd                                  0x08001bab   Thumb Code    22  stm32f10x_adc.o(.text)
    ADC_DMACmd                               0x08001bc1   Thumb Code    22  stm32f10x_adc.o(.text)
    ADC_ITConfig                             0x08001bd7   Thumb Code    24  stm32f10x_adc.o(.text)
    ADC_ResetCalibration                     0x08001bef   Thumb Code    10  stm32f10x_adc.o(.text)
    ADC_GetResetCalibrationStatus            0x08001bf9   Thumb Code    20  stm32f10x_adc.o(.text)
    ADC_StartCalibration                     0x08001c0d   Thumb Code    10  stm32f10x_adc.o(.text)
    ADC_GetCalibrationStatus                 0x08001c17   Thumb Code    20  stm32f10x_adc.o(.text)
    ADC_SoftwareStartConvCmd                 0x08001c2b   Thumb Code    22  stm32f10x_adc.o(.text)
    ADC_GetSoftwareStartConvStatus           0x08001c41   Thumb Code    20  stm32f10x_adc.o(.text)
    ADC_DiscModeChannelCountConfig           0x08001c55   Thumb Code    24  stm32f10x_adc.o(.text)
    ADC_DiscModeCmd                          0x08001c6d   Thumb Code    22  stm32f10x_adc.o(.text)
    ADC_RegularChannelConfig                 0x08001c83   Thumb Code   184  stm32f10x_adc.o(.text)
    ADC_ExternalTrigConvCmd                  0x08001d3b   Thumb Code    22  stm32f10x_adc.o(.text)
    ADC_GetConversionValue                   0x08001d51   Thumb Code     8  stm32f10x_adc.o(.text)
    ADC_GetDualModeConversionValue           0x08001d59   Thumb Code     8  stm32f10x_adc.o(.text)
    ADC_AutoInjectedConvCmd                  0x08001d61   Thumb Code    22  stm32f10x_adc.o(.text)
    ADC_InjectedDiscModeCmd                  0x08001d77   Thumb Code    22  stm32f10x_adc.o(.text)
    ADC_ExternalTrigInjectedConvConfig       0x08001d8d   Thumb Code    16  stm32f10x_adc.o(.text)
    ADC_ExternalTrigInjectedConvCmd          0x08001d9d   Thumb Code    22  stm32f10x_adc.o(.text)
    ADC_SoftwareStartInjectedConvCmd         0x08001db3   Thumb Code    22  stm32f10x_adc.o(.text)
    ADC_GetSoftwareStartInjectedConvCmdStatus 0x08001dc9   Thumb Code    20  stm32f10x_adc.o(.text)
    ADC_InjectedChannelConfig                0x08001ddd   Thumb Code   130  stm32f10x_adc.o(.text)
    ADC_InjectedSequencerLengthConfig        0x08001e5f   Thumb Code    24  stm32f10x_adc.o(.text)
    ADC_SetInjectedOffset                    0x08001e77   Thumb Code    20  stm32f10x_adc.o(.text)
    ADC_GetInjectedConversionValue           0x08001e8b   Thumb Code    28  stm32f10x_adc.o(.text)
    ADC_AnalogWatchdogCmd                    0x08001ea7   Thumb Code    16  stm32f10x_adc.o(.text)
    ADC_AnalogWatchdogThresholdsConfig       0x08001eb7   Thumb Code     6  stm32f10x_adc.o(.text)
    ADC_AnalogWatchdogSingleChannelConfig    0x08001ebd   Thumb Code    16  stm32f10x_adc.o(.text)
    ADC_TempSensorVrefintCmd                 0x08001ecd   Thumb Code    64  stm32f10x_adc.o(.text)
    ADC_GetFlagStatus                        0x08001f0d   Thumb Code    18  stm32f10x_adc.o(.text)
    ADC_ClearFlag                            0x08001f1f   Thumb Code     6  stm32f10x_adc.o(.text)
    ADC_GetITStatus                          0x08001f25   Thumb Code    36  stm32f10x_adc.o(.text)
    ADC_ClearITPendingBit                    0x08001f49   Thumb Code    10  stm32f10x_adc.o(.text)
    FLASH_SetLatency                         0x08001f55   Thumb Code    18  stm32f10x_flash.o(.text)
    FLASH_HalfCycleAccessCmd                 0x08001f67   Thumb Code    22  stm32f10x_flash.o(.text)
    FLASH_PrefetchBufferCmd                  0x08001f7d   Thumb Code    22  stm32f10x_flash.o(.text)
    FLASH_Unlock                             0x08001f93   Thumb Code    12  stm32f10x_flash.o(.text)
    FLASH_UnlockBank1                        0x08001f9f   Thumb Code    12  stm32f10x_flash.o(.text)
    FLASH_Lock                               0x08001fab   Thumb Code    14  stm32f10x_flash.o(.text)
    FLASH_LockBank1                          0x08001fb9   Thumb Code    14  stm32f10x_flash.o(.text)
    FLASH_GetBank1Status                     0x08001fc7   Thumb Code    48  stm32f10x_flash.o(.text)
    FLASH_WaitForLastOperation               0x08001ff7   Thumb Code    38  stm32f10x_flash.o(.text)
    FLASH_ErasePage                          0x0800201d   Thumb Code    72  stm32f10x_flash.o(.text)
    FLASH_EraseAllPages                      0x08002065   Thumb Code    68  stm32f10x_flash.o(.text)
    FLASH_WaitForLastBank1Operation          0x080020a9   Thumb Code    38  stm32f10x_flash.o(.text)
    FLASH_EraseAllBank1Pages                 0x080020cf   Thumb Code    68  stm32f10x_flash.o(.text)
    FLASH_GetReadOutProtectionStatus         0x08002113   Thumb Code    20  stm32f10x_flash.o(.text)
    FLASH_EraseOptionBytes                   0x08002127   Thumb Code   150  stm32f10x_flash.o(.text)
    FLASH_ProgramWord                        0x080021bd   Thumb Code   102  stm32f10x_flash.o(.text)
    FLASH_ProgramHalfWord                    0x08002223   Thumb Code    60  stm32f10x_flash.o(.text)
    FLASH_ProgramOptionByteData              0x0800225f   Thumb Code    72  stm32f10x_flash.o(.text)
    FLASH_EnableWriteProtection              0x080022a7   Thumb Code   200  stm32f10x_flash.o(.text)
    FLASH_ReadOutProtection                  0x0800236f   Thumb Code   156  stm32f10x_flash.o(.text)
    FLASH_UserOptionByteConfig               0x0800240b   Thumb Code    88  stm32f10x_flash.o(.text)
    FLASH_GetUserOptionByte                  0x08002463   Thumb Code     8  stm32f10x_flash.o(.text)
    FLASH_GetWriteProtectionOptionByte       0x0800246b   Thumb Code     6  stm32f10x_flash.o(.text)
    FLASH_GetPrefetchBufferStatus            0x08002471   Thumb Code    20  stm32f10x_flash.o(.text)
    FLASH_ITConfig                           0x08002485   Thumb Code    26  stm32f10x_flash.o(.text)
    FLASH_GetFlagStatus                      0x0800249f   Thumb Code    42  stm32f10x_flash.o(.text)
    FLASH_ClearFlag                          0x080024c9   Thumb Code     6  stm32f10x_flash.o(.text)
    FLASH_GetStatus                          0x080024cf   Thumb Code    48  stm32f10x_flash.o(.text)
    SystemInit                               0x080025ef   Thumb Code    78  system_stm32f10x.o(.text)
    SystemCoreClockUpdate                    0x0800263d   Thumb Code   142  system_stm32f10x.o(.text)
    Reset_Handler                            0x080026f1   Thumb Code     8  startup_stm32f10x_md.o(.text)
    ADC1_2_IRQHandler                        0x0800270b   Thumb Code     0  startup_stm32f10x_md.o(.text)
    CAN1_RX1_IRQHandler                      0x0800270b   Thumb Code     0  startup_stm32f10x_md.o(.text)
    CAN1_SCE_IRQHandler                      0x0800270b   Thumb Code     0  startup_stm32f10x_md.o(.text)
    DMA1_Channel1_IRQHandler                 0x0800270b   Thumb Code     0  startup_stm32f10x_md.o(.text)
    DMA1_Channel2_IRQHandler                 0x0800270b   Thumb Code     0  startup_stm32f10x_md.o(.text)
    DMA1_Channel3_IRQHandler                 0x0800270b   Thumb Code     0  startup_stm32f10x_md.o(.text)
    DMA1_Channel4_IRQHandler                 0x0800270b   Thumb Code     0  startup_stm32f10x_md.o(.text)
    DMA1_Channel5_IRQHandler                 0x0800270b   Thumb Code     0  startup_stm32f10x_md.o(.text)
    DMA1_Channel6_IRQHandler                 0x0800270b   Thumb Code     0  startup_stm32f10x_md.o(.text)
    DMA1_Channel7_IRQHandler                 0x0800270b   Thumb Code     0  startup_stm32f10x_md.o(.text)
    EXTI0_IRQHandler                         0x0800270b   Thumb Code     0  startup_stm32f10x_md.o(.text)
    EXTI15_10_IRQHandler                     0x0800270b   Thumb Code     0  startup_stm32f10x_md.o(.text)
    EXTI1_IRQHandler                         0x0800270b   Thumb Code     0  startup_stm32f10x_md.o(.text)
    EXTI2_IRQHandler                         0x0800270b   Thumb Code     0  startup_stm32f10x_md.o(.text)
    EXTI3_IRQHandler                         0x0800270b   Thumb Code     0  startup_stm32f10x_md.o(.text)
    EXTI4_IRQHandler                         0x0800270b   Thumb Code     0  startup_stm32f10x_md.o(.text)
    EXTI9_5_IRQHandler                       0x0800270b   Thumb Code     0  startup_stm32f10x_md.o(.text)
    FLASH_IRQHandler                         0x0800270b   Thumb Code     0  startup_stm32f10x_md.o(.text)
    I2C1_ER_IRQHandler                       0x0800270b   Thumb Code     0  startup_stm32f10x_md.o(.text)
    I2C1_EV_IRQHandler                       0x0800270b   Thumb Code     0  startup_stm32f10x_md.o(.text)
    I2C2_ER_IRQHandler                       0x0800270b   Thumb Code     0  startup_stm32f10x_md.o(.text)
    I2C2_EV_IRQHandler                       0x0800270b   Thumb Code     0  startup_stm32f10x_md.o(.text)
    PVD_IRQHandler                           0x0800270b   Thumb Code     0  startup_stm32f10x_md.o(.text)
    RCC_IRQHandler                           0x0800270b   Thumb Code     0  startup_stm32f10x_md.o(.text)
    RTCAlarm_IRQHandler                      0x0800270b   Thumb Code     0  startup_stm32f10x_md.o(.text)
    RTC_IRQHandler                           0x0800270b   Thumb Code     0  startup_stm32f10x_md.o(.text)
    SPI1_IRQHandler                          0x0800270b   Thumb Code     0  startup_stm32f10x_md.o(.text)
    SPI2_IRQHandler                          0x0800270b   Thumb Code     0  startup_stm32f10x_md.o(.text)
    TAMPER_IRQHandler                        0x0800270b   Thumb Code     0  startup_stm32f10x_md.o(.text)
    TIM1_BRK_IRQHandler                      0x0800270b   Thumb Code     0  startup_stm32f10x_md.o(.text)
    TIM1_TRG_COM_IRQHandler                  0x0800270b   Thumb Code     0  startup_stm32f10x_md.o(.text)
    TIM3_IRQHandler                          0x0800270b   Thumb Code     0  startup_stm32f10x_md.o(.text)
    USART1_IRQHandler                        0x0800270b   Thumb Code     0  startup_stm32f10x_md.o(.text)
    USART2_IRQHandler                        0x0800270b   Thumb Code     0  startup_stm32f10x_md.o(.text)
    USBWakeUp_IRQHandler                     0x0800270b   Thumb Code     0  startup_stm32f10x_md.o(.text)
    USB_HP_CAN1_TX_IRQHandler                0x0800270b   Thumb Code     0  startup_stm32f10x_md.o(.text)
    USB_LP_CAN1_RX0_IRQHandler               0x0800270b   Thumb Code     0  startup_stm32f10x_md.o(.text)
    WWDG_IRQHandler                          0x0800270b   Thumb Code     0  startup_stm32f10x_md.o(.text)
    SWDConfig                                0x08002715   Thumb Code    20  bsp.o(.text)
    LEDInit                                  0x08002729   Thumb Code    40  bsp.o(.text)
    LEDToggle                                0x08002751   Thumb Code    42  bsp.o(.text)
    GetUniqueID                              0x0800277b   Thumb Code    24  bsp.o(.text)
    SetBlueToothName                         0x08002793   Thumb Code    46  bsp.o(.text)
    BspInit                                  0x080027c1   Thumb Code   120  bsp.o(.text)
    MPU6050_Init                             0x08002879   Thumb Code    78  mpu6050.o(.text)
    DataSynthesis                            0x080028c7   Thumb Code    32  mpu6050.o(.text)
    ReadAcceData                             0x080028e7   Thumb Code    48  mpu6050.o(.text)
    ReadGyroData                             0x08002917   Thumb Code    48  mpu6050.o(.text)
    MPU6050_Pose                             0x08002947   Thumb Code    44  mpu6050.o(.text)
    OLED_IO_Init                             0x0800298d   Thumb Code    64  oled.o(.text)
    OLED_WR_Byte                             0x080029cd   Thumb Code   106  oled.o(.text)
    OLED_Set_Pos                             0x08002a37   Thumb Code    46  oled.o(.text)
    OLED_Display_On                          0x08002a65   Thumb Code    28  oled.o(.text)
    OLED_Display_Off                         0x08002a81   Thumb Code    28  oled.o(.text)
    OLED_Clear                               0x08002a9d   Thumb Code    64  oled.o(.text)
    OLED_ShowChar                            0x08002add   Thumb Code    78  oled.o(.text)
    OLED_ShowString                          0x08002b2b   Thumb Code    52  oled.o(.text)
    OLED_ShowCHinese                         0x08002b5f   Thumb Code    98  oled.o(.text)
    OLED_DrawBMP                             0x08002bc1   Thumb Code   118  oled.o(.text)
    OLED_DrawConvertBMP                      0x08002c37   Thumb Code   122  oled.o(.text)
    OLED_Init                                0x08002cb1   Thumb Code   298  oled.o(.text)
    ADCInit                                  0x08002ddd   Thumb Code   148  adc.o(.text)
    GetBatVoltage                            0x08002e71   Thumb Code    52  adc.o(.text)
    USART1Init                               0x08002eb5   Thumb Code   114  usart.o(.text)
    USART3Init                               0x08002f27   Thumb Code   186  usart.o(.text)
    Uart1SendByte                            0x08002fe1   Thumb Code    28  usart.o(.text)
    Uart1SendBuff                            0x08002ffd   Thumb Code    28  usart.o(.text)
    Uart1SendStr                             0x08003019   Thumb Code    34  usart.o(.text)
    Uart3SendByte                            0x0800303b   Thumb Code    28  usart.o(.text)
    Uart3SendBuff                            0x08003057   Thumb Code    28  usart.o(.text)
    Uart3SendStr                             0x08003073   Thumb Code    34  usart.o(.text)
    i2cInit                                  0x080032bd   Thumb Code    42  i2c.o(.text)
    i2cWrite                                 0x080032e7   Thumb Code    72  i2c.o(.text)
    i2cWriteBuffer                           0x0800332f   Thumb Code   100  i2c.o(.text)
    i2cRead                                  0x08003393   Thumb Code   120  i2c.o(.text)
    i2cwrite                                 0x0800340b   Thumb Code    38  i2c.o(.text)
    i2cread                                  0x08003431   Thumb Code    38  i2c.o(.text)
    TIM1_Cap_Init                            0x0800345d   Thumb Code   188  ultrasonic.o(.text)
    Read_Distane                             0x08003519   Thumb Code    96  ultrasonic.o(.text)
    TIM1_CC_IRQHandler                       0x08003579   Thumb Code   178  ultrasonic.o(.text)
    UltraSelfCheck                           0x0800362b   Thumb Code    48  ultrasonic.o(.text)
    IsUltraOK                                0x0800365b   Thumb Code     6  ultrasonic.o(.text)
    MOTOR_GPIO_Config                        0x08003679   Thumb Code    76  motor.o(.text)
    TIM3_PWM_Init                            0x0800379d   Thumb Code    16  motor.o(.text)
    TIM2_Encoder_Init                        0x080037ad   Thumb Code   190  motor.o(.text)
    TIM4_Encoder_Init                        0x0800386b   Thumb Code   182  motor.o(.text)
    TIM2_IRQHandler                          0x08003921   Thumb Code    12  motor.o(.text)
    TIM4_IRQHandler                          0x0800392d   Thumb Code    12  motor.o(.text)
    InfraredIOInit                           0x08003949   Thumb Code    56  infrare.o(.text)
    InfraredDetect                           0x08003981   Thumb Code    74  infrare.o(.text)
    InfrareSelfCheck                         0x080039cb   Thumb Code    84  infrare.o(.text)
    IsInfrareOK                              0x08003a1f   Thumb Code    14  infrare.o(.text)
    SoftTimerCountDown                       0x08003a39   Thumb Code    38  systick.o(.text)
    SysTick_Init                             0x08003a5f   Thumb Code   112  systick.o(.text)
    IMUToScope                               0x08003ae1   Thumb Code   166  debug.o(.text)
    IMUToFourAxisMonitor                     0x08003b87   Thumb Code   162  debug.o(.text)
    DebugService                             0x08003c29   Thumb Code    28  debug.o(.text)
    SecTask                                  0x08003c55   Thumb Code    54  main.o(.text)
    Turn                                     0x08003c8b   Thumb Code    38  main.o(.text)
    main                                     0x08003cb1   Thumb Code   344  main.o(.text)
    NMI_Handler                              0x08003e49   Thumb Code     2  stm32f10x_it.o(.text)
    HardFault_Handler                        0x08003e4b   Thumb Code     4  stm32f10x_it.o(.text)
    MemManage_Handler                        0x08003e4f   Thumb Code     4  stm32f10x_it.o(.text)
    BusFault_Handler                         0x08003e53   Thumb Code     4  stm32f10x_it.o(.text)
    UsageFault_Handler                       0x08003e57   Thumb Code     4  stm32f10x_it.o(.text)
    SVC_Handler                              0x08003e5b   Thumb Code     2  stm32f10x_it.o(.text)
    DebugMon_Handler                         0x08003e5d   Thumb Code     2  stm32f10x_it.o(.text)
    PendSV_Handler                           0x08003e5f   Thumb Code     2  stm32f10x_it.o(.text)
    TIM1_UP_IRQHandler                       0x08003e61   Thumb Code     2  stm32f10x_it.o(.text)
    SysTick_Handler                          0x08003e63   Thumb Code   146  stm32f10x_it.o(.text)
    USART3_IRQHandler                        0x08003ef5   Thumb Code    64  stm32f10x_it.o(.text)
    delay_us                                 0x08003f4d   Thumb Code    26  common.o(.text)
    delay_ms                                 0x08003f67   Thumb Code    24  common.o(.text)
    get_ms                                   0x08003f7f   Thumb Code     2  common.o(.text)
    XOR_Get                                  0x08003f81   Thumb Code    28  common.o(.text)
    XOR_Check                                0x08003f9d   Thumb Code    32  common.o(.text)
    Sum_Get                                  0x08003fbd   Thumb Code    28  common.o(.text)
    CRC16Calculate                           0x08003fd9   Thumb Code    58  common.o(.text)
    ResponseIMU                              0x08004015   Thumb Code    96  communicate.o(.text)
    ResponsePID                              0x08004075   Thumb Code   142  communicate.o(.text)
    ResponseInfo                             0x08004103   Thumb Code    30  communicate.o(.text)
    ResponseStatus                           0x08004121   Thumb Code    36  communicate.o(.text)
    Parse                                    0x08004145   Thumb Code  1002  communicate.o(.text)
    CarUpstandInit                           0x08004549   Thumb Code   116  control.o(.text)
    AbnormalSpinDetect                       0x080045bd   Thumb Code   132  control.o(.text)
    LandingDetect                            0x08004641   Thumb Code   182  control.o(.text)
    MotorManage                              0x080046f7   Thumb Code   106  control.o(.text)
    SetMotorVoltageAndDirection              0x08004761   Thumb Code   148  control.o(.text)
    MotorOutput                              0x080047f5   Thumb Code   298  control.o(.text)
    GetMotorPulse                            0x0800491f   Thumb Code   420  control.o(.text)
    AngleCalculate                           0x08004ac3   Thumb Code   266  control.o(.text)
    AngleControl                             0x08004bcd   Thumb Code    82  control.o(.text)
    SpeedControl                             0x08004c1f   Thumb Code   296  control.o(.text)
    SpeedControlOutput                       0x08004d47   Thumb Code    64  control.o(.text)
    Scale                                    0x08004d87   Thumb Code   366  control.o(.text)
    Steer                                    0x08004ef5   Thumb Code   120  control.o(.text)
    UltraControl                             0x08004f6d   Thumb Code   140  control.o(.text)
    TailingControl                           0x08004ff9   Thumb Code   130  control.o(.text)
    MotorDiffControl                         0x0800507b   Thumb Code    66  control.o(.text)
    ResetMotorPulse                          0x080050bd   Thumb Code    12  control.o(.text)
    SetDirection                             0x080050c9   Thumb Code    12  control.o(.text)
    ProgramFlash                             0x08005141   Thumb Code   108  dataflash.o(.text)
    ReadFlash                                0x080051ad   Thumb Code    28  dataflash.o(.text)
    PIDRead                                  0x080051c9   Thumb Code    84  dataflash.o(.text)
    PIDInit                                  0x0800521d   Thumb Code    78  dataflash.o(.text)
    PIDWrite                                 0x0800526b   Thumb Code    54  dataflash.o(.text)
    PIDReset                                 0x080052a1   Thumb Code    54  dataflash.o(.text)
    ShowHomePageInit                         0x080052e9   Thumb Code    32  display.o(.text)
    ShowHomePage                             0x08005309   Thumb Code   238  display.o(.text)
    __aeabi_memset                           0x080054b9   Thumb Code    14  memseta.o(.text)
    __aeabi_memset4                          0x080054b9   Thumb Code     0  memseta.o(.text)
    __aeabi_memset8                          0x080054b9   Thumb Code     0  memseta.o(.text)
    __aeabi_memclr                           0x080054c7   Thumb Code     4  memseta.o(.text)
    __aeabi_memclr4                          0x080054c7   Thumb Code     0  memseta.o(.text)
    __aeabi_memclr8                          0x080054c7   Thumb Code     0  memseta.o(.text)
    _memset$wrapper                          0x080054cb   Thumb Code    18  memseta.o(.text)
    strstr                                   0x080054dd   Thumb Code    36  strstr.o(.text)
    strlen                                   0x08005501   Thumb Code    14  strlen.o(.text)
    strtok                                   0x08005511   Thumb Code    62  strtok.o(.text)
    __aeabi_fadd                             0x08005555   Thumb Code   164  fadd.o(.text)
    __aeabi_fsub                             0x080055f9   Thumb Code     6  fadd.o(.text)
    __aeabi_frsub                            0x080055ff   Thumb Code     6  fadd.o(.text)
    __aeabi_fmul                             0x08005605   Thumb Code   100  fmul.o(.text)
    __aeabi_fdiv                             0x08005669   Thumb Code   124  fdiv.o(.text)
    __aeabi_dadd                             0x080056e5   Thumb Code   322  dadd.o(.text)
    __aeabi_dsub                             0x08005827   Thumb Code     6  dadd.o(.text)
    __aeabi_drsub                            0x0800582d   Thumb Code     6  dadd.o(.text)
    __aeabi_dmul                             0x08005833   Thumb Code   228  dmul.o(.text)
    __aeabi_ddiv                             0x08005917   Thumb Code   222  ddiv.o(.text)
    __aeabi_i2f                              0x080059f5   Thumb Code    18  fflti.o(.text)
    __aeabi_i2d                              0x08005a07   Thumb Code    34  dflti.o(.text)
    __aeabi_ui2d                             0x08005a29   Thumb Code    26  dfltui.o(.text)
    __aeabi_f2iz                             0x08005a43   Thumb Code    50  ffixi.o(.text)
    __aeabi_f2uiz                            0x08005a75   Thumb Code    40  ffixui.o(.text)
    __aeabi_d2iz                             0x08005a9d   Thumb Code    62  dfixi.o(.text)
    __aeabi_d2uiz                            0x08005adb   Thumb Code    50  dfixui.o(.text)
    __aeabi_f2d                              0x08005b0d   Thumb Code    38  f2d.o(.text)
    __aeabi_cdcmpeq                          0x08005b35   Thumb Code     0  cdcmple.o(.text)
    __aeabi_cdcmple                          0x08005b35   Thumb Code    48  cdcmple.o(.text)
    __aeabi_cdrcmple                         0x08005b65   Thumb Code    48  cdrcmple.o(.text)
    __aeabi_d2f                              0x08005b95   Thumb Code    56  d2f.o(.text)
    __aeabi_cfcmpeq                          0x08005bcd   Thumb Code     0  cfcmple.o(.text)
    __aeabi_cfcmple                          0x08005bcd   Thumb Code    20  cfcmple.o(.text)
    __aeabi_cfrcmple                         0x08005be1   Thumb Code    20  cfrcmple.o(.text)
    __aeabi_uidiv                            0x08005bf5   Thumb Code     0  uidiv.o(.text)
    __aeabi_uidivmod                         0x08005bf5   Thumb Code    44  uidiv.o(.text)
    __aeabi_uldivmod                         0x08005c21   Thumb Code    98  uldiv.o(.text)
    __aeabi_llsl                             0x08005c83   Thumb Code    30  llshl.o(.text)
    _ll_shift_l                              0x08005c83   Thumb Code     0  llshl.o(.text)
    __aeabi_llsr                             0x08005ca1   Thumb Code    32  llushr.o(.text)
    _ll_ushift_r                             0x08005ca1   Thumb Code     0  llushr.o(.text)
    __aeabi_lasr                             0x08005cc1   Thumb Code    36  llsshr.o(.text)
    _ll_sshift_r                             0x08005cc1   Thumb Code     0  llsshr.o(.text)
    __strtod_int                             0x08005d1b   Thumb Code    90  strtod.o(.text)
    __I$use$fp                               0x08005d81   Thumb Code     0  iusefp.o(.text)
    _float_round                             0x08005d81   Thumb Code    18  fepilogue.o(.text)
    _float_epilogue                          0x08005d93   Thumb Code    92  fepilogue.o(.text)
    _double_round                            0x08005def   Thumb Code    30  depilogue.o(.text)
    _double_epilogue                         0x08005e0d   Thumb Code   156  depilogue.o(.text)
    __aeabi_d2ulz                            0x08005ea9   Thumb Code    48  dfixul.o(.text)
    __scatterload                            0x08005ed9   Thumb Code    28  init.o(.text)
    __scatterload_rt2                        0x08005ed9   Thumb Code     0  init.o(.text)
    isspace                                  0x08005efd   Thumb Code    10  isspace_c.o(.text)
    _scanf_real                              0x08006031   Thumb Code     0  scanf_fp.o(.text)
    _scanf_really_real                       0x08006031   Thumb Code   556  scanf_fp.o(.text)
    _sgetc                                   0x08006269   Thumb Code    30  _sgetc.o(.text)
    _sbackspace                              0x08006287   Thumb Code    34  _sgetc.o(.text)
    __ARM_scalbn                             0x080062a9   Thumb Code    46  dscalb.o(.text)
    scalbn                                   0x080062a9   Thumb Code     0  dscalb.o(.text)
    __ctype_lookup                           0x080062d9   Thumb Code    34  ctype_c.o(.text)
    __aeabi_ul2d                             0x08006301   Thumb Code    24  dfltul.o(.text)
    __decompress                             0x08006319   Thumb Code     0  __dczerorl2.o(.text)
    __decompress1                            0x08006319   Thumb Code    86  __dczerorl2.o(.text)
    __0snprintf                              0x08006371   Thumb Code    48  printfa.o(i.__0snprintf)
    __1snprintf                              0x08006371   Thumb Code     0  printfa.o(i.__0snprintf)
    __2snprintf                              0x08006371   Thumb Code     0  printfa.o(i.__0snprintf)
    __c89snprintf                            0x08006371   Thumb Code     0  printfa.o(i.__0snprintf)
    snprintf                                 0x08006371   Thumb Code     0  printfa.o(i.__0snprintf)
    __0sprintf                               0x080063a5   Thumb Code    34  printfa.o(i.__0sprintf)
    __1sprintf                               0x080063a5   Thumb Code     0  printfa.o(i.__0sprintf)
    __2sprintf                               0x080063a5   Thumb Code     0  printfa.o(i.__0sprintf)
    __c89sprintf                             0x080063a5   Thumb Code     0  printfa.o(i.__0sprintf)
    sprintf                                  0x080063a5   Thumb Code     0  printfa.o(i.__0sprintf)
    __ARM_fpclassify                         0x080063cd   Thumb Code    40  fpclassify.o(i.__ARM_fpclassify)
    __kernel_poly                            0x080063f5   Thumb Code   170  poly.o(i.__kernel_poly)
    __mathlib_dbl_infnan                     0x0800649f   Thumb Code     6  dunder.o(i.__mathlib_dbl_infnan)
    __mathlib_dbl_infnan2                    0x080064a5   Thumb Code     4  dunder.o(i.__mathlib_dbl_infnan2)
    __mathlib_dbl_underflow                  0x080064a9   Thumb Code    10  dunder.o(i.__mathlib_dbl_underflow)
    __read_errno                             0x080064b9   Thumb Code     6  errno.o(i.__read_errno)
    __scatterload_copy                       0x080064c5   Thumb Code    14  handlers.o(i.__scatterload_copy)
    __scatterload_null                       0x080064d3   Thumb Code     2  handlers.o(i.__scatterload_null)
    __scatterload_zeroinit                   0x080064d5   Thumb Code    14  handlers.o(i.__scatterload_zeroinit)
    __set_errno                              0x080064e5   Thumb Code     6  errno.o(i.__set_errno)
    _is_digit                                0x08006675   Thumb Code    14  scanf_fp.o(i._is_digit)
    atan                                     0x08006dad   Thumb Code   474  atan.o(i.atan)
    atan2                                    0x08006fcd   Thumb Code   374  atan2.o(i.atan2)
    atof                                     0x08007169   Thumb Code    42  atof.o(i.atof)
    F6x8                                     0x08007192   Data         552  oled.o(.constdata)
    F8X16                                    0x080073ba   Data        1520  oled.o(.constdata)
    FirmwareVer                              0x080079aa   Data           5  manage.o(.constdata)
    EEPROMVer                                0x080079af   Data           5  manage.o(.constdata)
    MCUVer                                   0x080079b4   Data          14  manage.o(.constdata)
    __mathlib_zero                           0x08007a60   Data           8  qnan.o(.constdata)
    __ctype_categories                       0x08007a68   Data          64  ctype_c.o(.constdata)
    Region$$Table$$Base                      0x08007aa8   Number         0  anon$$obj.o(Region$$Table)
    Region$$Table$$Limit                     0x08007ac8   Number         0  anon$$obj.o(Region$$Table)
    SystemCoreClock                          0x20000014   Data           4  system_stm32f10x.o(.data)
    AHBPrescTable                            0x20000018   Data          16  system_stm32f10x.o(.data)
    g_fGyro_x                                0x2000002a   Data           2  mpu6050.o(.data)
    g_fGyro_z                                0x2000002c   Data           2  mpu6050.o(.data)
    g_fAccel_y                               0x2000002e   Data           2  mpu6050.o(.data)
    g_fAccel_z                               0x20000030   Data           2  mpu6050.o(.data)
    Hzk                                      0x20000032   Data         704  oled.o(.data)
    Uart3Index                               0x200002f2   Data           1  usart.o(.data)
    TIM1CH4_CAPTURE_STA                      0x200002f4   Data           4  ultrasonic.o(.data)
    TIM1CH4_CAPTURE_VAL                      0x200002f8   Data           4  ultrasonic.o(.data)
    Distance                                 0x200002fc   Data           4  ultrasonic.o(.data)
    UltraError                               0x20000300   Data           4  ultrasonic.o(.data)
    direction                                0x20000308   Data           4  main.o(.data)
    turning                                  0x2000030c   Data           4  main.o(.data)
    turningMotorDiff                         0x20000310   Data           4  main.o(.data)
    rightVisited                             0x20000314   Data           4  main.o(.data)
    pitching                                 0x20000318   Data           4  main.o(.data)
    StatusFlag                               0x2000031c   Data           1  communicate.o(.data)
    g_u8MainEventCount                       0x20000320   Data           1  control.o(.data)
    g_u8SpeedControlCount                    0x20000321   Data           1  control.o(.data)
    g_u8SpeedControlPeriod                   0x20000322   Data           1  control.o(.data)
    g_u8DirectionControlPeriod               0x20000323   Data           1  control.o(.data)
    g_u8DirectionControlCount                0x20000324   Data           1  control.o(.data)
    g_cMotorDisable                          0x20000325   Data           1  control.o(.data)
    g_iGravity_Offset                        0x20000328   Data           4  control.o(.data)
    g_fSpeedControlOut                       0x2000032c   Data           4  control.o(.data)
    g_fSpeedControlOutOld                    0x20000330   Data           4  control.o(.data)
    g_fSpeedControlOutNew                    0x20000334   Data           4  control.o(.data)
    g_fAngleControlOut                       0x20000338   Data           4  control.o(.data)
    g_fLeftMotorOut                          0x2000033c   Data           4  control.o(.data)
    g_fRightMotorOut                         0x20000340   Data           4  control.o(.data)
    g_fMotorPulseDiffControlOut              0x20000344   Data           4  control.o(.data)
    g_s16LeftMotorPulse                      0x20000348   Data           2  control.o(.data)
    g_s16RightMotorPulse                     0x2000034a   Data           2  control.o(.data)
    g_s32LeftMotorPulseOld                   0x2000034c   Data           4  control.o(.data)
    g_s32RightMotorPulseOld                  0x20000350   Data           4  control.o(.data)
    g_s32LeftMotorPulseSigma                 0x20000354   Data           4  control.o(.data)
    g_s32RightMotorPulseSigma                0x20000358   Data           4  control.o(.data)
    g_s32LeftMotorPulseCum                   0x2000035c   Data           4  control.o(.data)
    g_s32RightMotorPulseCum                  0x20000360   Data           4  control.o(.data)
    g_s32LeftMotorPulseCumTotal              0x20000364   Data           4  control.o(.data)
    g_s32RightMotorPulseCumTotal             0x20000368   Data           4  control.o(.data)
    g_s32MotorPulseDiff                      0x2000036c   Data           4  control.o(.data)
    g_s32MotorPulseDiffCum                   0x20000370   Data           4  control.o(.data)
    g_s32MotorPulseDiffCumTotal              0x20000374   Data           4  control.o(.data)
    g_s32MotorPulseSumCum                    0x20000378   Data           4  control.o(.data)
    g_fCarSpeed                              0x2000037c   Data           4  control.o(.data)
    g_iCarSpeedSet                           0x20000380   Data           4  control.o(.data)
    g_fCarSpeedOld                           0x20000384   Data           4  control.o(.data)
    g_fCarPosition                           0x20000388   Data           4  control.o(.data)
    g_iCarMotorPulseDiffCumSet               0x2000038c   Data           4  control.o(.data)
    g_tCarAnglePID                           0x20000390   Data          12  control.o(.data)
    g_tCarSpeedPID                           0x2000039c   Data          12  control.o(.data)
    g_tYawAnglePID                           0x200003a8   Data          12  control.o(.data)
    g_tPulseDiffPID                          0x200003b4   Data          12  control.o(.data)
    g_tPulseCumPID                           0x200003c0   Data          12  control.o(.data)
    g_fBluetoothSpeed                        0x200003cc   Data           4  control.o(.data)
    g_fBluetoothDirection                    0x200003d0   Data           4  control.o(.data)
    g_fBluetoothDirectionOld                 0x200003d4   Data           4  control.o(.data)
    g_fBluetoothDirectionNew                 0x200003d8   Data           4  control.o(.data)
    g_fBluetoothDirectionOut                 0x200003dc   Data           4  control.o(.data)
    g_fCarAngle                              0x200003e0   Data           4  control.o(.data)
    g_fYawAngle                              0x200003e4   Data           4  control.o(.data)
    g_fGyroAngleSpeed                        0x200003e8   Data           4  control.o(.data)
    g_fGyroYawSpeed                          0x200003ec   Data           4  control.o(.data)
    g_fGravityAngle                          0x200003f0   Data           4  control.o(.data)
    g_iLeftTurnRoundCnt                      0x200003f4   Data           4  control.o(.data)
    g_iRightTurnRoundCnt                     0x200003f8   Data           4  control.o(.data)
    LOGO                                     0x2000040c   Data        1024  display.o(.data)
    g_RunTime                                0x2000080e   Data           2  manage.o(.data)
    g_BatVolt                                0x20000810   Data           2  manage.o(.data)
    g_CarRunningMode                         0x20000812   Data           1  manage.o(.data)
    Uart3Buffer                              0x2000081c   Data         128  usart.o(.bss)
    SoftTimer                                0x2000089c   Data          10  systick.o(.bss)
    __initial_sp                             0x20000d38   Data           0  startup_stm32f10x_md.o(STACK)



==============================================================================

Memory Map of the image

  Image Entry point : 0x080000ed

  Load Region LR_IROM1 (Base: 0x08000000, Size: 0x000082e4, Max: 0x00010000, ABSOLUTE, COMPRESSED[0x00007db0])

    Execution Region ER_IROM1 (Exec base: 0x08000000, Load base: 0x08000000, Size: 0x00007ac8, Max: 0x00010000, ABSOLUTE)

    Exec Addr    Load Addr    Size         Type   Attr      Idx    E Section Name        Object

    0x08000000   0x08000000   0x000000ec   Data   RO          213    RESET               startup_stm32f10x_md.o
    0x080000ec   0x080000ec   0x00000000   Code   RO          636  * .ARM.Collect$$$$00000000  mc_w.l(entry.o)
    0x080000ec   0x080000ec   0x00000004   Code   RO          975    .ARM.Collect$$$$00000001  mc_w.l(entry2.o)
    0x080000f0   0x080000f0   0x00000004   Code   RO          978    .ARM.Collect$$$$00000004  mc_w.l(entry5.o)
    0x080000f4   0x080000f4   0x00000000   Code   RO          980    .ARM.Collect$$$$00000008  mc_w.l(entry7b.o)
    0x080000f4   0x080000f4   0x00000000   Code   RO          982    .ARM.Collect$$$$0000000A  mc_w.l(entry8b.o)
    0x080000f4   0x080000f4   0x00000008   Code   RO          983    .ARM.Collect$$$$0000000B  mc_w.l(entry9a.o)
    0x080000fc   0x080000fc   0x00000004   Code   RO          990    .ARM.Collect$$$$0000000E  mc_w.l(entry12b.o)
    0x08000100   0x08000100   0x00000000   Code   RO          985    .ARM.Collect$$$$0000000F  mc_w.l(entry10a.o)
    0x08000100   0x08000100   0x00000000   Code   RO          987    .ARM.Collect$$$$00000011  mc_w.l(entry11a.o)
    0x08000100   0x08000100   0x00000004   Code   RO          976    .ARM.Collect$$$$00002712  mc_w.l(entry2.o)
    0x08000104   0x08000104   0x000000dc   Code   RO            1    .text               misc.o
    0x080001e0   0x080001e0   0x0000035c   Code   RO           80    .text               stm32f10x_gpio.o
    0x0800053c   0x0800053c   0x000003a4   Code   RO          104    .text               stm32f10x_rcc.o
    0x080008e0   0x080008e0   0x00000e1a   Code   RO          118    .text               stm32f10x_tim.o
    0x080016fa   0x080016fa   0x00000002   PAD
    0x080016fc   0x080016fc   0x00000408   Code   RO          130    .text               stm32f10x_usart.o
    0x08001b04   0x08001b04   0x0000044e   Code   RO          142    .text               stm32f10x_adc.o
    0x08001f52   0x08001f52   0x00000002   PAD
    0x08001f54   0x08001f54   0x000005bc   Code   RO          157    .text               stm32f10x_flash.o
    0x08002510   0x08002510   0x000001e0   Code   RO          183    .text               system_stm32f10x.o
    0x080026f0   0x080026f0   0x00000024   Code   RO          214    .text               startup_stm32f10x_md.o
    0x08002714   0x08002714   0x00000164   Code   RO          218    .text               bsp.o
    0x08002878   0x08002878   0x00000114   Code   RO          268    .text               mpu6050.o
    0x0800298c   0x0800298c   0x0000044e   Code   RO          283    .text               oled.o
    0x08002dda   0x08002dda   0x00000002   PAD
    0x08002ddc   0x08002ddc   0x000000d8   Code   RO          302    .text               adc.o
    0x08002eb4   0x08002eb4   0x000001f0   Code   RO          314    .text               usart.o
    0x080030a4   0x080030a4   0x000003b8   Code   RO          342    .text               i2c.o
    0x0800345c   0x0800345c   0x0000021c   Code   RO          354    .text               ultrasonic.o
    0x08003678   0x08003678   0x000002d0   Code   RO          372    .text               motor.o
    0x08003948   0x08003948   0x000000f0   Code   RO          384    .text               infrare.o
    0x08003a38   0x08003a38   0x000000a8   Code   RO          398    .text               systick.o
    0x08003ae0   0x08003ae0   0x00000174   Code   RO          420    .text               debug.o
    0x08003c54   0x08003c54   0x000001f4   Code   RO          445    .text               main.o
    0x08003e48   0x08003e48   0x00000104   Code   RO          478    .text               stm32f10x_it.o
    0x08003f4c   0x08003f4c   0x000000c6   Code   RO          497    .text               common.o
    0x08004012   0x08004012   0x00000002   PAD
    0x08004014   0x08004014   0x00000534   Code   RO          509    .text               communicate.o
    0x08004548   0x08004548   0x00000bf8   Code   RO          534    .text               control.o
    0x08005140   0x08005140   0x000001a8   Code   RO          574    .text               dataflash.o
    0x080052e8   0x080052e8   0x000001d0   Code   RO          588    .text               display.o
    0x080054b8   0x080054b8   0x00000024   Code   RO          639    .text               mc_w.l(memseta.o)
    0x080054dc   0x080054dc   0x00000024   Code   RO          641    .text               mc_w.l(strstr.o)
    0x08005500   0x08005500   0x0000000e   Code   RO          643    .text               mc_w.l(strlen.o)
    0x0800550e   0x0800550e   0x00000002   PAD
    0x08005510   0x08005510   0x00000044   Code   RO          645    .text               mc_w.l(strtok.o)
    0x08005554   0x08005554   0x000000b0   Code   RO          912    .text               mf_w.l(fadd.o)
    0x08005604   0x08005604   0x00000064   Code   RO          914    .text               mf_w.l(fmul.o)
    0x08005668   0x08005668   0x0000007c   Code   RO          916    .text               mf_w.l(fdiv.o)
    0x080056e4   0x080056e4   0x0000014e   Code   RO          918    .text               mf_w.l(dadd.o)
    0x08005832   0x08005832   0x000000e4   Code   RO          920    .text               mf_w.l(dmul.o)
    0x08005916   0x08005916   0x000000de   Code   RO          922    .text               mf_w.l(ddiv.o)
    0x080059f4   0x080059f4   0x00000012   Code   RO          924    .text               mf_w.l(fflti.o)
    0x08005a06   0x08005a06   0x00000022   Code   RO          926    .text               mf_w.l(dflti.o)
    0x08005a28   0x08005a28   0x0000001a   Code   RO          928    .text               mf_w.l(dfltui.o)
    0x08005a42   0x08005a42   0x00000032   Code   RO          930    .text               mf_w.l(ffixi.o)
    0x08005a74   0x08005a74   0x00000028   Code   RO          932    .text               mf_w.l(ffixui.o)
    0x08005a9c   0x08005a9c   0x0000003e   Code   RO          934    .text               mf_w.l(dfixi.o)
    0x08005ada   0x08005ada   0x00000032   Code   RO          936    .text               mf_w.l(dfixui.o)
    0x08005b0c   0x08005b0c   0x00000026   Code   RO          938    .text               mf_w.l(f2d.o)
    0x08005b32   0x08005b32   0x00000002   PAD
    0x08005b34   0x08005b34   0x00000030   Code   RO          940    .text               mf_w.l(cdcmple.o)
    0x08005b64   0x08005b64   0x00000030   Code   RO          942    .text               mf_w.l(cdrcmple.o)
    0x08005b94   0x08005b94   0x00000038   Code   RO          944    .text               mf_w.l(d2f.o)
    0x08005bcc   0x08005bcc   0x00000014   Code   RO          946    .text               mf_w.l(cfcmple.o)
    0x08005be0   0x08005be0   0x00000014   Code   RO          948    .text               mf_w.l(cfrcmple.o)
    0x08005bf4   0x08005bf4   0x0000002c   Code   RO          994    .text               mc_w.l(uidiv.o)
    0x08005c20   0x08005c20   0x00000062   Code   RO          996    .text               mc_w.l(uldiv.o)
    0x08005c82   0x08005c82   0x0000001e   Code   RO          998    .text               mc_w.l(llshl.o)
    0x08005ca0   0x08005ca0   0x00000020   Code   RO         1000    .text               mc_w.l(llushr.o)
    0x08005cc0   0x08005cc0   0x00000024   Code   RO         1002    .text               mc_w.l(llsshr.o)
    0x08005ce4   0x08005ce4   0x0000009c   Code   RO         1011    .text               mc_w.l(strtod.o)
    0x08005d80   0x08005d80   0x00000000   Code   RO         1013    .text               mc_w.l(iusefp.o)
    0x08005d80   0x08005d80   0x0000006e   Code   RO         1014    .text               mf_w.l(fepilogue.o)
    0x08005dee   0x08005dee   0x000000ba   Code   RO         1016    .text               mf_w.l(depilogue.o)
    0x08005ea8   0x08005ea8   0x00000030   Code   RO         1018    .text               mf_w.l(dfixul.o)
    0x08005ed8   0x08005ed8   0x00000024   Code   RO         1024    .text               mc_w.l(init.o)
    0x08005efc   0x08005efc   0x0000000a   Code   RO         1027    .text               mc_w.l(isspace_c.o)
    0x08005f06   0x08005f06   0x00000002   PAD
    0x08005f08   0x08005f08   0x00000360   Code   RO         1029    .text               mc_w.l(scanf_fp.o)
    0x08006268   0x08006268   0x00000040   Code   RO         1033    .text               mc_w.l(_sgetc.o)
    0x080062a8   0x080062a8   0x0000002e   Code   RO         1036    .text               mf_w.l(dscalb.o)
    0x080062d6   0x080062d6   0x00000002   PAD
    0x080062d8   0x080062d8   0x00000028   Code   RO         1038    .text               mc_w.l(ctype_c.o)
    0x08006300   0x08006300   0x00000018   Code   RO         1041    .text               mf_w.l(dfltul.o)
    0x08006318   0x08006318   0x00000056   Code   RO         1051    .text               mc_w.l(__dczerorl2.o)
    0x0800636e   0x0800636e   0x00000002   PAD
    0x08006370   0x08006370   0x00000034   Code   RO          885    i.__0snprintf       mc_w.l(printfa.o)
    0x080063a4   0x080063a4   0x00000028   Code   RO          886    i.__0sprintf        mc_w.l(printfa.o)
    0x080063cc   0x080063cc   0x00000028   Code   RO         1020    i.__ARM_fpclassify  m_ws.l(fpclassify.o)
    0x080063f4   0x080063f4   0x000000aa   Code   RO         1022    i.__kernel_poly     m_ws.l(poly.o)
    0x0800649e   0x0800649e   0x00000006   Code   RO          961    i.__mathlib_dbl_infnan  m_ws.l(dunder.o)
    0x080064a4   0x080064a4   0x00000004   Code   RO          962    i.__mathlib_dbl_infnan2  m_ws.l(dunder.o)
    0x080064a8   0x080064a8   0x00000010   Code   RO          966    i.__mathlib_dbl_underflow  m_ws.l(dunder.o)
    0x080064b8   0x080064b8   0x0000000c   Code   RO         1005    i.__read_errno      mc_w.l(errno.o)
    0x080064c4   0x080064c4   0x0000000e   Code   RO         1045    i.__scatterload_copy  mc_w.l(handlers.o)
    0x080064d2   0x080064d2   0x00000002   Code   RO         1046    i.__scatterload_null  mc_w.l(handlers.o)
    0x080064d4   0x080064d4   0x0000000e   Code   RO         1047    i.__scatterload_zeroinit  mc_w.l(handlers.o)
    0x080064e2   0x080064e2   0x00000002   PAD
    0x080064e4   0x080064e4   0x0000000c   Code   RO         1006    i.__set_errno       mc_w.l(errno.o)
    0x080064f0   0x080064f0   0x00000184   Code   RO          891    i._fp_digits        mc_w.l(printfa.o)
    0x08006674   0x08006674   0x0000000e   Code   RO         1031    i._is_digit         mc_w.l(scanf_fp.o)
    0x08006682   0x08006682   0x00000002   PAD
    0x08006684   0x08006684   0x000006b4   Code   RO          892    i._printf_core      mc_w.l(printfa.o)
    0x08006d38   0x08006d38   0x00000024   Code   RO          893    i._printf_post_padding  mc_w.l(printfa.o)
    0x08006d5c   0x08006d5c   0x0000002e   Code   RO          894    i._printf_pre_padding  mc_w.l(printfa.o)
    0x08006d8a   0x08006d8a   0x00000016   Code   RO          895    i._snputc           mc_w.l(printfa.o)
    0x08006da0   0x08006da0   0x0000000a   Code   RO          896    i._sputc            mc_w.l(printfa.o)
    0x08006daa   0x08006daa   0x00000002   PAD
    0x08006dac   0x08006dac   0x00000220   Code   RO          951    i.atan              m_ws.l(atan.o)
    0x08006fcc   0x08006fcc   0x0000019c   Code   RO          625    i.atan2             m_ws.l(atan2.o)
    0x08007168   0x08007168   0x0000002a   Code   RO          633    i.atof              m_ws.l(atof.o)
    0x08007192   0x08007192   0x00000818   Data   RO          284    .constdata          oled.o
    0x080079aa   0x080079aa   0x00000018   Data   RO          611    .constdata          manage.o
    0x080079c2   0x080079c2   0x00000006   PAD
    0x080079c8   0x080079c8   0x00000098   Data   RO          952    .constdata          m_ws.l(atan.o)
    0x08007a60   0x08007a60   0x00000008   Data   RO          974    .constdata          m_ws.l(qnan.o)
    0x08007a68   0x08007a68   0x00000040   Data   RO         1039    .constdata          mc_w.l(ctype_c.o)
    0x08007aa8   0x08007aa8   0x00000020   Data   RO         1043    Region$$Table       anon$$obj.o


    Execution Region RW_IRAM1 (Exec base: 0x20000000, Load base: 0x08007ac8, Size: 0x00000d38, Max: 0x00005000, ABSOLUTE, COMPRESSED[0x000002e8])

    Exec Addr    Load Addr    Size         Type   Attr      Idx    E Section Name        Object

    0x20000000   COMPRESSED   0x00000014   Data   RW          105    .data               stm32f10x_rcc.o
    0x20000014   COMPRESSED   0x00000014   Data   RW          184    .data               system_stm32f10x.o
    0x20000028   COMPRESSED   0x00000001   Data   RW          219    .data               bsp.o
    0x20000029   COMPRESSED   0x00000001   PAD
    0x2000002a   COMPRESSED   0x00000008   Data   RW          269    .data               mpu6050.o
    0x20000032   COMPRESSED   0x000002c0   Data   RW          285    .data               oled.o
    0x200002f2   COMPRESSED   0x00000001   Data   RW          316    .data               usart.o
    0x200002f3   COMPRESSED   0x00000001   PAD
    0x200002f4   COMPRESSED   0x00000010   Data   RW          355    .data               ultrasonic.o
    0x20000304   COMPRESSED   0x00000001   Data   RW          385    .data               infrare.o
    0x20000305   COMPRESSED   0x00000003   PAD
    0x20000308   COMPRESSED   0x00000014   Data   RW          446    .data               main.o
    0x2000031c   COMPRESSED   0x00000001   Data   RW          510    .data               communicate.o
    0x2000031d   COMPRESSED   0x00000003   PAD
    0x20000320   COMPRESSED   0x000000ec   Data   RW          535    .data               control.o
    0x2000040c   COMPRESSED   0x00000401   Data   RW          589    .data               display.o
    0x2000080d   COMPRESSED   0x00000001   PAD
    0x2000080e   COMPRESSED   0x00000005   Data   RW          612    .data               manage.o
    0x20000813   COMPRESSED   0x00000001   PAD
    0x20000814   COMPRESSED   0x00000004   Data   RW          646    .data               mc_w.l(strtok.o)
    0x20000818   COMPRESSED   0x00000004   Data   RW         1007    .data               mc_w.l(errno.o)
    0x2000081c        -       0x00000080   Zero   RW          315    .bss                usart.o
    0x2000089c        -       0x0000000a   Zero   RW          399    .bss                systick.o
    0x200008a6   COMPRESSED   0x00000002   PAD
    0x200008a8        -       0x00000010   Zero   RW          421    .bss                debug.o
    0x200008b8        -       0x00000080   Zero   RW          575    .bss                dataflash.o
    0x20000938        -       0x00000400   Zero   RW          211    STACK               startup_stm32f10x_md.o


==============================================================================

Image component sizes


      Code (inc. data)   RO Data    RW Data    ZI Data      Debug   Object Name

       216         16          0          0          0        812   adc.o
       356         64          0          1          0       1315   bsp.o
       198          0          0          0          0       2072   common.o
      1332        232          0          1          0       2341   communicate.o
      3064        518          0        236          0       8736   control.o
         0          0          0          0          0         32   core_cm3.o
       424         18          0          0        128       2331   dataflash.o
       372         16          0          0         16       1759   debug.o
       464        194          0       1025          0       1279   display.o
       952          6          0          0          0       4211   i2c.o
       240         12          0          1          0       1325   infrare.o
       500         64          0         20          0       1319   main.o
         0          0         24          5          0        796   manage.o
       220         22          0          0          0     253017   misc.o
       720         16          0          0          0       2166   motor.o
       276         26          0          8          0       2420   mpu6050.o
      1102         18       2072        704          0       4212   oled.o
        36          8        236          0       1024        804   startup_stm32f10x_md.o
      1102         26          0          0          0      20001   stm32f10x_adc.o
      1468         34          0          0          0      14474   stm32f10x_flash.o
       860         38          0          0          0       5673   stm32f10x_gpio.o
       260         24          0          0          0       1643   stm32f10x_it.o
       932         36          0         20          0       8840   stm32f10x_rcc.o
      3610         88          0          0          0      22780   stm32f10x_tim.o
      1032         22          0          0          0       8400   stm32f10x_usart.o
       480         38          0         20          0       1783   system_stm32f10x.o
       168         18          0          0         10      16513   systick.o
       540         24          0         16          0       1787   ultrasonic.o
       496         16          0          1        128       2951   usart.o

    ----------------------------------------------------------------------
     21428       1594       2370       2068       1308     395792   Object Totals
         0          0         32          0          0          0   (incl. Generated)
         8          0          6         10          2          0   (incl. Padding)

    ----------------------------------------------------------------------

      Code (inc. data)   RO Data    RW Data    ZI Data      Debug   Library Member Name

       544         70        152          0          0        124   atan.o
       412         38          0          0          0        144   atan2.o
        42          0          0          0          0         84   atof.o
        26          6          0          0          0        204   dunder.o
        40          0          0          0          0         68   fpclassify.o
       170          0          0          0          0         96   poly.o
         0          0          8          0          0          0   qnan.o
        86          0          0          0          0          0   __dczerorl2.o
        64          0          0          0          0         84   _sgetc.o
        40          6         64          0          0         68   ctype_c.o
         0          0          0          0          0          0   entry.o
         0          0          0          0          0          0   entry10a.o
         0          0          0          0          0          0   entry11a.o
         4          0          0          0          0          0   entry12b.o
         8          4          0          0          0          0   entry2.o
         4          0          0          0          0          0   entry5.o
         0          0          0          0          0          0   entry7b.o
         0          0          0          0          0          0   entry8b.o
         8          4          0          0          0          0   entry9a.o
        24         12          0          4          0        136   errno.o
        30          0          0          0          0          0   handlers.o
        36          8          0          0          0         68   init.o
        10          0          0          0          0         68   isspace_c.o
         0          0          0          0          0          0   iusefp.o
        30          0          0          0          0         68   llshl.o
        36          0          0          0          0         68   llsshr.o
        32          0          0          0          0         68   llushr.o
        36          0          0          0          0        108   memseta.o
      2310         90          0          0          0        688   printfa.o
       878         12          0          0          0        216   scanf_fp.o
        14          0          0          0          0         68   strlen.o
        36          0          0          0          0         80   strstr.o
       156         12          0          0          0        120   strtod.o
        68          6          0          4          0         80   strtok.o
        44          0          0          0          0         80   uidiv.o
        98          0          0          0          0         92   uldiv.o
        48          0          0          0          0         68   cdcmple.o
        48          0          0          0          0         68   cdrcmple.o
        20          0          0          0          0         68   cfcmple.o
        20          0          0          0          0         68   cfrcmple.o
        56          0          0          0          0         88   d2f.o
       334          0          0          0          0        148   dadd.o
       222          0          0          0          0        100   ddiv.o
       186          0          0          0          0        176   depilogue.o
        62          0          0          0          0         80   dfixi.o
        50          0          0          0          0         76   dfixui.o
        48          0          0          0          0         68   dfixul.o
        34          0          0          0          0         76   dflti.o
        26          0          0          0          0         76   dfltui.o
        24          0          0          0          0         76   dfltul.o
       228          0          0          0          0         96   dmul.o
        46          0          0          0          0         80   dscalb.o
        38          0          0          0          0         68   f2d.o
       176          0          0          0          0        140   fadd.o
       124          0          0          0          0         88   fdiv.o
       110          0          0          0          0        168   fepilogue.o
        50          0          0          0          0         68   ffixi.o
        40          0          0          0          0         68   ffixui.o
        18          0          0          0          0         68   fflti.o
       100          0          0          0          0         76   fmul.o

    ----------------------------------------------------------------------
      7410        268        224          8          0       5036   Library Totals
        16          0          0          0          0          0   (incl. Padding)

    ----------------------------------------------------------------------

      Code (inc. data)   RO Data    RW Data    ZI Data      Debug   Library Name

      1234        114        160          0          0        720   m_ws.l
      4052        154         64          8          0       2160   mc_w.l
      2108          0          0          0          0       2156   mf_w.l

    ----------------------------------------------------------------------
      7410        268        224          8          0       5036   Library Totals

    ----------------------------------------------------------------------

==============================================================================


      Code (inc. data)   RO Data    RW Data    ZI Data      Debug   

     28838       1862       2594       2076       1308     395912   Grand Totals
     28838       1862       2594        744       1308     395912   ELF Image Totals (compressed)
     28838       1862       2594        744          0          0   ROM Totals

==============================================================================

    Total RO  Size (Code + RO Data)                31432 (  30.70kB)
    Total RW  Size (RW Data + ZI Data)              3384 (   3.30kB)
    Total ROM Size (Code + RO Data + RW Data)      32176 (  31.42kB)

==============================================================================

